                                      1 ;--------------------------------------------------------
                                      2 ; File Created by SDCC : free open source ISO C Compiler 
                                      3 ; Version 4.4.0 #14620 (MINGW64)
                                      4 ;--------------------------------------------------------
                                      5 	.module compileTest
                                      6 	.optsdcc -mz80
                                      7 	
                                      8 ;--------------------------------------------------------
                                      9 ; Public variables in this module
                                     10 ;--------------------------------------------------------
                                     11 	.globl ___SMS__SDSC_signature
                                     12 	.globl ___SMS__SDSC_descr
                                     13 	.globl ___SMS__SDSC_name
                                     14 	.globl ___SMS__SDSC_author
                                     15 	.globl ___SMS__SEGA_signature
                                     16 	.globl _main
                                     17 	.globl _GG_loadBGPalette
                                     18 	.globl _SMS_loadSTMcompressedTileMapatAddr
                                     19 	.globl _SMS_loadPSGaidencompressedTilesatAddr
                                     20 	.globl _SMS_waitForVBlank
                                     21 	.globl _SMS_VDPturnOnFeature
                                     22 	.globl _SMS_SRAM
                                     23 	.globl _SRAM_bank_to_be_mapped_on_slot2
                                     24 	.globl _ROM_bank_to_be_mapped_on_slot0
                                     25 	.globl _ROM_bank_to_be_mapped_on_slot1
                                     26 	.globl _ROM_bank_to_be_mapped_on_slot2
                                     27 ;--------------------------------------------------------
                                     28 ; special function registers
                                     29 ;--------------------------------------------------------
                           0000BF    30 _SMS_VDPControlPort	=	0x00bf
                                     31 ;--------------------------------------------------------
                                     32 ; ram data
                                     33 ;--------------------------------------------------------
                                     34 	.area _DATA
                           00FFFF    35 _ROM_bank_to_be_mapped_on_slot2	=	0xffff
                           00FFFE    36 _ROM_bank_to_be_mapped_on_slot1	=	0xfffe
                           00FFFD    37 _ROM_bank_to_be_mapped_on_slot0	=	0xfffd
                           00FFFC    38 _SRAM_bank_to_be_mapped_on_slot2	=	0xfffc
                           008000    39 _SMS_SRAM	=	0x8000
                                     40 ;--------------------------------------------------------
                                     41 ; ram data
                                     42 ;--------------------------------------------------------
                                     43 	.area _INITIALIZED
                                     44 ;--------------------------------------------------------
                                     45 ; absolute external ram data
                                     46 ;--------------------------------------------------------
                                     47 	.area _DABS (ABS)
                                     48 ;--------------------------------------------------------
                                     49 ; global & static initialisations
                                     50 ;--------------------------------------------------------
                                     51 	.area _HOME
                                     52 	.area _GSINIT
                                     53 	.area _GSFINAL
                                     54 	.area _GSINIT
                                     55 ;--------------------------------------------------------
                                     56 ; Home
                                     57 ;--------------------------------------------------------
                                     58 	.area _HOME
                                     59 	.area _HOME
                                     60 ;--------------------------------------------------------
                                     61 ; code
                                     62 ;--------------------------------------------------------
                                     63 	.area _CODE
                                     64 ;compileTest.c:6: void main(void) {
                                     65 ;	---------------------------------
                                     66 ; Function main
                                     67 ; ---------------------------------
      000000                         68 _main::
                                     69 ;compileTest.c:7: SMS_loadPSGaidencompressedTiles(DemoBG_psgcompr, SPLASH_TILES);
      000000 11 00 40         [10]   70 	ld	de, #0x4000
      000003 21r00r00         [10]   71 	ld	hl, #_DemoBG_psgcompr
      000006 CDr00r00         [17]   72 	call	_SMS_loadPSGaidencompressedTilesatAddr
                                     73 ;compileTest.c:8: SMS_loadSTMcompressedTileMap(0, 0, DemoBG_stmcompr);
      000009 11r00r00         [10]   74 	ld	de, #_DemoBG_stmcompr
      00000C 21 00 78         [10]   75 	ld	hl, #0x7800
      00000F CDr00r00         [17]   76 	call	_SMS_loadSTMcompressedTileMapatAddr
                                     77 ;compileTest.c:9: GG_loadBGPalette(DemoBG_bin);
      000012 21r00r00         [10]   78 	ld	hl, #_DemoBG_bin
      000015 CDr00r00         [17]   79 	call	_GG_loadBGPalette
                                     80 ;compileTest.c:11: SMS_displayOn();
      000018 21 40 01         [10]   81 	ld	hl, #0x0140
      00001B CDr00r00         [17]   82 	call	_SMS_VDPturnOnFeature
      00001E                         83 00102$:
                                     84 ;compileTest.c:13: SMS_waitForVBlank();
      00001E CDr00r00         [17]   85 	call	_SMS_waitForVBlank
      000021 C3r1Er00         [10]   86 	jp	00102$
      000024                         87 00104$:
                                     88 ;compileTest.c:16: }
      000024 C9               [10]   89 	ret
                                     90 	.area _CODE
      000025                         91 __str_0:
      000025 42 72 61 6E 64 6F 6E    92 	.ascii "Brandon Barker"
             20 42 61 72 6B 65 72
      000033 00                      93 	.db 0x00
      000034                         94 __str_1:
      000034 44 65 6D 6F 20 53 63    95 	.ascii "Demo Screen"
             72 65 65 6E
      00003F 00                      96 	.db 0x00
      000040                         97 __str_2:
      000040 53 68 6F 75 6C 64 20    98 	.ascii "Should display something simple"
             64 69 73 70 6C 61 79
             20 73 6F 6D 65 74 68
             69 6E 67 20 73 69 6D
             70 6C 65
      00005F 00                      99 	.db 0x00
                                    100 	.area _INITIALIZER
                                    101 	.area _CABS (ABS)
      007FF0                        102 	.org 0x7FF0
      007FF0                        103 ___SMS__SEGA_signature:
      007FF0 54                     104 	.db #0x54	; 84	'T'
      007FF1 4D                     105 	.db #0x4d	; 77	'M'
      007FF2 52                     106 	.db #0x52	; 82	'R'
      007FF3 20                     107 	.db #0x20	; 32
      007FF4 53                     108 	.db #0x53	; 83	'S'
      007FF5 45                     109 	.db #0x45	; 69	'E'
      007FF6 47                     110 	.db #0x47	; 71	'G'
      007FF7 41                     111 	.db #0x41	; 65	'A'
      007FF8 FF                     112 	.db #0xff	; 255
      007FF9 FF                     113 	.db #0xff	; 255
      007FFA FF                     114 	.db #0xff	; 255
      007FFB FF                     115 	.db #0xff	; 255
      007FFC 99                     116 	.db #0x99	; 153
      007FFD 99                     117 	.db #0x99	; 153
      007FFE 00                     118 	.db #0x00	; 0
      007FFF 7C                     119 	.db #0x7c	; 124
      007FD1                        120 	.org 0x7FD1
      007FD1                        121 ___SMS__SDSC_author:
      007FD1 42 72 61 6E 64 6F 6E   122 	.ascii "Brandon Barker"
             20 42 61 72 6B 65 72
      007FDF 00                     123 	.db 0x00
      007FC5                        124 	.org 0x7FC5
      007FC5                        125 ___SMS__SDSC_name:
      007FC5 44 65 6D 6F 20 53 63   126 	.ascii "Demo Screen"
             72 65 65 6E
      007FD0 00                     127 	.db 0x00
      007FA5                        128 	.org 0x7FA5
      007FA5                        129 ___SMS__SDSC_descr:
      007FA5 53 68 6F 75 6C 64 20   130 	.ascii "Should display something simple"
             64 69 73 70 6C 61 79
             20 73 6F 6D 65 74 68
             69 6E 67 20 73 69 6D
             70 6C 65
      007FC4 00                     131 	.db 0x00
      007FE0                        132 	.org 0x7FE0
      007FE0                        133 ___SMS__SDSC_signature:
      007FE0 53                     134 	.db #0x53	; 83	'S'
      007FE1 44                     135 	.db #0x44	; 68	'D'
      007FE2 53                     136 	.db #0x53	; 83	'S'
      007FE3 43                     137 	.db #0x43	; 67	'C'
      007FE4 01                     138 	.db #0x01	; 1
      007FE5 00                     139 	.db #0x00	; 0
      007FE6 26                     140 	.db #0x26	; 38
      007FE7 11                     141 	.db #0x11	; 17
      007FE8 24                     142 	.db #0x24	; 36
      007FE9 20                     143 	.db #0x20	; 32
      007FEA D1                     144 	.db #0xd1	; 209
      007FEB 7F                     145 	.db #0x7f	; 127
      007FEC C5                     146 	.db #0xc5	; 197
      007FED 7F                     147 	.db #0x7f	; 127
      007FEE A5                     148 	.db #0xa5	; 165
      007FEF 7F                     149 	.db #0x7f	; 127
