ASxxxx Linker V03.00/V05.40 + sdld,  page 1.
Hexadecimal  [32-Bits]

Area                                    Addr        Size        Decimal Bytes (Attributes)
--------------------------------        ----        ----        ------- ----- ------------
.  .ABS.                            00000000    00000000 =           0. bytes (ABS,CON)

      Value  Global                              Global Defined In Module
      -----  --------------------------------   ------------------------
     00000000  .__.ABS.                           SMSlib_STMcomp
     00000000  l__BSEG                         
     00000000  l__BSS                          
     00000000  l__CABS                         
     00000000  l__DABS                         
     00000000  l__HEADER                       
     00000000  l__HEAP                         
     00000000  l__HOME                         
     00000000  s__CABS                         
     00000000  s__CABS0                        
     00000000  s__CABS1                        
     00000000  s__CABS2                        
     00000000  s__CABS3                        
     00000000  s__CABS4                        
     00000000  s__DABS                         
     00000000  s__HEADER                       
     00000000  s__HEADER0                      
     00000000  s__HEADER1                      
     00000000  s__HEADER2                      
     00000000  s__HEADER3                      
     00000000  s__HEADER4                      
     00000001  l__GSFINAL                      
     00000005  l__INITIALIZED                  
     00000005  l__INITIALIZER                  
     00000008  l__HEADER0                      
     00000009  l__HEADER1                      
     0000000C  l__CABS2                        
     0000000F  l__CABS1                        
     0000000F  l__GSINIT                       
     00000010  l__CABS0                        
     00000010  l__CABS4                        
     0000001F  l__HEADER2                      
     00000020  l__CABS3                        
     0000002B  l__HEADER3                      
     000000F9  l__DATA                         
     00000104  l__HEADER4                      
     00000200  s__CODE                         
     00001A3E  l__CODE                         
     00001C3E  s__HOME                         
     00001C3E  s__INITIALIZER                  
     00001C43  s__GSINIT                       
     00001C52  s__GSFINAL                      
     00008000  _SMS_SRAM                          SMSlib_STMcomp
     0000C000  s__DATA                         
     0000C0F9  s__INITIALIZED                  
     0000C0FE  s__BSEG                         
     0000C0FE  s__BSS                          
     0000C0FE  s__HEAP                         
     0000FFFC  _SRAM_bank_to_be_mapped_on_slot2   SMSlib_STMcomp
     0000FFFD  _ROM_bank_to_be_mapped_on_slot0    SMSlib_STMcomp
ASxxxx Linker V03.00/V05.40 + sdld,  page 2.
Hexadecimal  [32-Bits]

Area                                    Addr        Size        Decimal Bytes (Attributes)
--------------------------------        ----        ----        ------- ----- ------------
.  .ABS.                            00000000    00000000 =           0. bytes (ABS,CON)

      Value  Global                              Global Defined In Module
      -----  --------------------------------   ------------------------
     0000FFFE  _ROM_bank_to_be_mapped_on_slot1    SMSlib_STMcomp
     0000FFFF  _ROM_bank_to_be_mapped_on_slot2    SMSlib_STMcomp

ASxxxx Linker V03.00/V05.40 + sdld,  page 3.
Hexadecimal  [32-Bits]

Area                                    Addr        Size        Decimal Bytes (Attributes)
--------------------------------        ----        ----        ------- ----- ------------
_CODE                               00000200    00001A3E =        6718. bytes (REL,CON)

      Value  Global                              Global Defined In Module
      -----  --------------------------------   ------------------------
     00000200  _main                              compileTest
     00000224  _initGame                          compileTest
     00000280  _loadAssets                        compileTest
     000002A8  _moveBall                          compileTest
     00000377  _drawBall                          compileTest
     000003F1  _Ball_bin                          assets
     00000411  _Ball_psgcompr                     assets
     00000530  _Ball_stmcompr                     assets
     0000053A  _BallEight_psgcompr                assets
     00000659  _BallMirror_psgcompr               assets
     000006A3  _BallNew_psgcompr                  assets
     000007C5  _BallNoChecks_psgcompr             assets
     00000885  _BallTileMap_bin                   assets
     000008A5  _DemoBG_bin                        assets
     000008C5  _DemoBG_psgcompr                   assets
     00000D59  _DemoBG_stmcompr                   assets
     00000D91  _gator_bin                         assets
     00000DB1  _gator_psgcompr                    assets
     00000F20  _HelloWorldPalette_bin             assets
     00000F40  _HelloWorldTilemap_stmcompr        assets
     00000FDC  _HelloWorldTiles_psgcompr          assets
     000013E4  _Nole_bin                          assets
     00001404  _Nole_psgcompr                     assets
     00001578  _Numbers_bin                       assets
     0000158E  _Numbers_psgcompr                  assets
     0000182A  _SMS_loadPSGaidencompressedTiles   SMSlib_PSGaiden
     000018FB  _SMS_init                          SMSlib
     00001926  _VDPReg_init                       SMSlib
     00001931  _SMS_VDPturnOnFeature              SMSlib
     00001946  _SMS_VDPturnOffFeature             SMSlib
     0000195E  _SMS_setBGScrollX                  SMSlib
     00001968  _SMS_setBGScrollY                  SMSlib
     00001972  _SMS_setBackdropColor              SMSlib
     0000197C  _SMS_useFirstHalfTilesforSprites   SMSlib
     00001992  _SMS_setSpriteMode                 SMSlib
     000019DF  _GG_setBGPaletteColor              SMSlib
     000019EC  _GG_setSpritePaletteColor          SMSlib
     000019F9  _GG_loadBGPalette                  SMSlib
     00001A0D  _GG_loadSpritePalette              SMSlib
     00001A21  _SMS_waitForVBlank                 SMSlib
     00001A2E  _SMS_getKeysStatus                 SMSlib
     00001A33  _SMS_getKeysPressed                SMSlib
     00001A48  _SMS_getKeysHeld                   SMSlib
     00001A5B  _SMS_getKeysReleased               SMSlib
     00001A74  _SMS_setFrameInterruptHandler      SMSlib
     00001A78  _SMS_setLineInterruptHandler       SMSlib
     00001A7C  _SMS_setLineCounter                SMSlib
     00001A86  _SMS_getVCount                     SMSlib
     00001A89  _SMS_getHCount                     SMSlib
     00001A8C  _SMS_isr                           SMSlib
ASxxxx Linker V03.00/V05.40 + sdld,  page 4.
Hexadecimal  [32-Bits]

Area                                    Addr        Size        Decimal Bytes (Attributes)
--------------------------------        ----        ----        ------- ----- ------------
_CODE                               00000200    00001A3E =        6718. bytes (REL,CON)

      Value  Global                              Global Defined In Module
      -----  --------------------------------   ------------------------
     00001ACD  _SMS_nmi_isr                       SMSlib
     00001ACF  _SMS_initSprites                   SMSlib_sprite
     00001AD5  _SMS_addSprite_f                   SMSlib_sprite
     00001B00  _SMS_copySpritestoSAT              SMSlib_sprite
     00001B34  ___sdcc_call_hl                    
     00001B35  _SMS_loadSTMcompressedTileMapatA   SMSlib_STMcomp

ASxxxx Linker V03.00/V05.40 + sdld,  page 5.
Hexadecimal  [32-Bits]

Area                                    Addr        Size        Decimal Bytes (Attributes)
--------------------------------        ----        ----        ------- ----- ------------
_HEADER0                            00000000    00000008 =           8. bytes (ABS,CON)

      Value  Global                              Global Defined In Module
      -----  --------------------------------   ------------------------
ASxxxx Linker V03.00/V05.40 + sdld,  page 6.
Hexadecimal  [32-Bits]

Area                                    Addr        Size        Decimal Bytes (Attributes)
--------------------------------        ----        ----        ------- ----- ------------
_HEADER1                            00000000    00000009 =           9. bytes (ABS,CON)

      Value  Global                              Global Defined In Module
      -----  --------------------------------   ------------------------
     00000008  _SMS_crt0_RST08                    crt0

ASxxxx Linker V03.00/V05.40 + sdld,  page 7.
Hexadecimal  [32-Bits]

Area                                    Addr        Size        Decimal Bytes (Attributes)
--------------------------------        ----        ----        ------- ----- ------------
_HEADER2                            00000000    0000001F =          31. bytes (ABS,CON)

      Value  Global                              Global Defined In Module
      -----  --------------------------------   ------------------------
     00000018  _SMS_crt0_RST18                    crt0
     0000002F  get_bank                           crt0
     00000033  set_bank                           crt0
ASxxxx Linker V03.00/V05.40 + sdld,  page 8.
Hexadecimal  [32-Bits]

Area                                    Addr        Size        Decimal Bytes (Attributes)
--------------------------------        ----        ----        ------- ----- ------------
_HEADER3                            00000000    0000002B =          43. bytes (ABS,CON)

      Value  Global                              Global Defined In Module
      -----  --------------------------------   ------------------------
ASxxxx Linker V03.00/V05.40 + sdld,  page 9.
Hexadecimal  [32-Bits]

Area                                    Addr        Size        Decimal Bytes (Attributes)
--------------------------------        ----        ----        ------- ----- ------------
_HEADER4                            00000000    00000104 =         260. bytes (ABS,CON)

      Value  Global                              Global Defined In Module
      -----  --------------------------------   ------------------------
     00000069  _OUTI128                           crt0
     000000E9  _OUTI64                            crt0
     00000129  _OUTI32                            crt0
     00000169  _outi_block                        crt0

ASxxxx Linker V03.00/V05.40 + sdld,  page 10.
Hexadecimal  [32-Bits]

Area                                    Addr        Size        Decimal Bytes (Attributes)
--------------------------------        ----        ----        ------- ----- ------------
_INITIALIZER                        00001C3E    00000005 =           5. bytes (REL,CON)

      Value  Global                              Global Defined In Module
      -----  --------------------------------   ------------------------
ASxxxx Linker V03.00/V05.40 + sdld,  page 11.
Hexadecimal  [32-Bits]

Area                                    Addr        Size        Decimal Bytes (Attributes)
--------------------------------        ----        ----        ------- ----- ------------
_GSINIT                             00001C43    0000000F =          15. bytes (REL,CON)

      Value  Global                              Global Defined In Module
      -----  --------------------------------   ------------------------
     00001C43  gsinit                             crt0

ASxxxx Linker V03.00/V05.40 + sdld,  page 12.
Hexadecimal  [32-Bits]

Area                                    Addr        Size        Decimal Bytes (Attributes)
--------------------------------        ----        ----        ------- ----- ------------
_GSFINAL                            00001C52    00000001 =           1. bytes (REL,CON)

      Value  Global                              Global Defined In Module
      -----  --------------------------------   ------------------------
ASxxxx Linker V03.00/V05.40 + sdld,  page 13.
Hexadecimal  [32-Bits]

Area                                    Addr        Size        Decimal Bytes (Attributes)
--------------------------------        ----        ----        ------- ----- ------------
_DATA                               0000C000    000000F9 =         249. bytes (REL,CON)

      Value  Global                              Global Defined In Module
      -----  --------------------------------   ------------------------
     0000C000  _BallX                             compileTest
     0000C001  _BallY                             compileTest
     0000C002  _logo                              compileTest
     0000C003  _release                           compileTest
     0000C004  _decompBuffer                      SMSlib_PSGaiden
     0000C024  _VDPBlank                          SMSlib
     0000C025  _SMS_VDPFlags                      SMSlib
     0000C026  _SMS_Port3EBIOSvalue               SMSlib
     0000C027  _SMS_theFrameInterruptHandler      SMSlib
     0000C029  _KeysStatus                        SMSlib
     0000C02B  _PreviousKeysStatus                SMSlib
     0000C02D  _SMS_theLineInterruptHandler       SMSlib
     0000C02F  _SpriteTableY                      SMSlib_sprite
     0000C06F  _SpriteTableXN                     SMSlib_sprite
     0000C0EF  _SpriteNextFree                    SMSlib_sprite
     0000C0F0  _STM_src                           SMSlib_STMcomp
     0000C0F2  _STM_dest                          SMSlib_STMcomp
     0000C0F4  _STM_HH                            SMSlib_STMcomp
     0000C0F5  _STM_oldHH                         SMSlib_STMcomp
     0000C0F6  _STM_needRestore                   SMSlib_STMcomp
     0000C0F7  _STM_ttw                           SMSlib_STMcomp
     0000C0F8  _STM_width                         SMSlib_STMcomp

ASxxxx Linker V03.00/V05.40 + sdld,  page 14.
Hexadecimal  [32-Bits]

Area                                    Addr        Size        Decimal Bytes (Attributes)
--------------------------------        ----        ----        ------- ----- ------------
_INITIALIZED                        0000C0F9    00000005 =           5. bytes (REL,CON)

      Value  Global                              Global Defined In Module
      -----  --------------------------------   ------------------------
     0000C0F9  _VDPReg                            SMSlib
     0000C0FB  _spritesHeight                     SMSlib
     0000C0FC  _spritesWidth                      SMSlib
     0000C0FD  _spritesTileOffset                 SMSlib

ASxxxx Linker V03.00/V05.40 + sdld,  page 15.
Hexadecimal  [32-Bits]

Area                                    Addr        Size        Decimal Bytes (Attributes)
--------------------------------        ----        ----        ------- ----- ------------
_CABS0                              00000000    00000010 =          16. bytes (ABS,CON)

      Value  Global                              Global Defined In Module
      -----  --------------------------------   ------------------------
     00007FF0  ___SMS__SEGA_signature             compileTest

ASxxxx Linker V03.00/V05.40 + sdld,  page 16.
Hexadecimal  [32-Bits]

Area                                    Addr        Size        Decimal Bytes (Attributes)
--------------------------------        ----        ----        ------- ----- ------------
_CABS1                              00000000    0000000F =          15. bytes (ABS,CON)

      Value  Global                              Global Defined In Module
      -----  --------------------------------   ------------------------
     00007FD1  ___SMS__SDSC_author                compileTest

ASxxxx Linker V03.00/V05.40 + sdld,  page 17.
Hexadecimal  [32-Bits]

Area                                    Addr        Size        Decimal Bytes (Attributes)
--------------------------------        ----        ----        ------- ----- ------------
_CABS2                              00000000    0000000C =          12. bytes (ABS,CON)

      Value  Global                              Global Defined In Module
      -----  --------------------------------   ------------------------
     00007FC5  ___SMS__SDSC_name                  compileTest

ASxxxx Linker V03.00/V05.40 + sdld,  page 18.
Hexadecimal  [32-Bits]

Area                                    Addr        Size        Decimal Bytes (Attributes)
--------------------------------        ----        ----        ------- ----- ------------
_CABS3                              00000000    00000020 =          32. bytes (ABS,CON)

      Value  Global                              Global Defined In Module
      -----  --------------------------------   ------------------------
     00007FA5  ___SMS__SDSC_descr                 compileTest

ASxxxx Linker V03.00/V05.40 + sdld,  page 19.
Hexadecimal  [32-Bits]

Area                                    Addr        Size        Decimal Bytes (Attributes)
--------------------------------        ----        ----        ------- ----- ------------
_CABS4                              00000000    00000010 =          16. bytes (ABS,CON)

      Value  Global                              Global Defined In Module
      -----  --------------------------------   ------------------------
     00007FE0  ___SMS__SDSC_signature             compileTest

ASxxxx Linker V03.00/V05.40 + sdld,  page 20.

Files Linked                              [ module(s) ]

crt0/crt0_sms.rel                         [ crt0 ]
subOutput/compileTest.rel                 [ compileTest ]
subOutput/assets.rel                      [ assets ]


Libraries Linked                          [ object file ]

SMSlib/SMSlib_GG.lib                      [ SMSlib_PSGaiden.rel ]
SMSlib/SMSlib_GG.lib                      [ SMSlib_GG.rel ]
SMSlib/SMSlib_GG.lib                      [ SMSlib_sprite.rel ]
C:\Program Files\SDCC\bin\..\lib\z80/z80.lib
                                          [ __sdcc_call_hl.rel ]
SMSlib/SMSlib_GG.lib                      [ SMSlib_STMcomp.rel ]

ASxxxx Linker V03.00/V05.40 + sdld,  page 21.

User Base Address Definitions

_CODE = 0x0200
_DATA = 0xc000

